{
  "docker_version": "18.09.0", 
  "os": "linux", 
  "architecture": "amd64", 
  "created": "2019-03-05T23:39:48.958401439Z", 
  "author": null, 
  "container": "210a578c7c8ab45ac39faa102b020aad80234d3e5a03aa737951fa471b90be3d", 
  "comment": null, 
  "config": {}, 
  "image_id": "c8ea2ff51d215caedc175ff51ff47f228b06d793f8781c22ab32cdf56272f21e", 
  "parent_digest": null, 
  "config_digest": "sha256c8ea2ff51d215caedc175ff51ff47f228b06d793f8781c22ab32cdf56272f21e", 
  "top_layer_id": null, 
  "top_layer_digest": null, 
  "layer_digests": [], 
  "layers": [
    {
      "docker_version": null, 
      "os": null, 
      "architecture": null, 
      "created": "2019-01-30T23:19:46.858068773Z", 
      "author": null, 
      "container": null, 
      "comment": null, 
      "config": {}, 
      "created_by": "/bin/sh -c #(nop) ADD file:91fb97ea3549e52e7b6e22b93a6736cf915c756f3d13348406d8ad5f1a872680 in / ", 
      "empty_layer": false, 
      "parent": null, 
      "layer_id": null, 
      "layer_digest": "sha256:767f936afb51c8a3ad9a96592a4be092048bb70f2ca410028a0b3f64b826acbb", 
      "layer_size": 0, 
      "command": null
    }, 
    {
      "docker_version": null, 
      "os": null, 
      "architecture": null, 
      "created": "2019-01-30T23:19:47.011395921Z", 
      "author": null, 
      "container": null, 
      "comment": null, 
      "config": {}, 
      "created_by": "/bin/sh -c #(nop)  CMD [\"/bin/sh\"]", 
      "empty_layer": true, 
      "parent": null, 
      "layer_id": null, 
      "layer_digest": null, 
      "layer_size": 0, 
      "command": null
    }, 
    {
      "docker_version": null, 
      "os": null, 
      "architecture": null, 
      "created": "2019-01-30T23:19:53.955058406Z", 
      "author": null, 
      "container": null, 
      "comment": null, 
      "config": {}, 
      "created_by": "/bin/sh -c #(nop)  ENV NODE_VERSION=8.15.0", 
      "empty_layer": true, 
      "parent": null, 
      "layer_id": null, 
      "layer_digest": null, 
      "layer_size": 0, 
      "command": null
    }, 
    {
      "docker_version": null, 
      "os": null, 
      "architecture": null, 
      "created": "2019-01-30T23:38:42.258327336Z", 
      "author": null, 
      "container": null, 
      "comment": null, 
      "config": {}, 
      "created_by": "/bin/sh -c addgroup -g 1000 node     && adduser -u 1000 -G node -s /bin/sh -D node     && apk add --no-cache         libstdc++     && apk add --no-cache --virtual .build-deps         binutils-gold         curl         g++         gcc         gnupg         libgcc         linux-headers         make         python", 
      "empty_layer": false, 
      "parent": null, 
      "layer_id": null, 
      "layer_digest": "sha256:20684f07652b4027cec70559e9105755a961d1e973bfb2b2a66f423f08eee3cf", 
      "layer_size": 0, 
      "command": null
    }, 
    {
      "docker_version": null, 
      "os": null, 
      "architecture": null, 
      "created": "2019-01-30T23:38:42.542851589Z", 
      "author": null, 
      "container": null, 
      "comment": null, 
      "config": {}, 
      "created_by": "/bin/sh -c #(nop)  ENV YARN_VERSION=1.12.3", 
      "empty_layer": true, 
      "parent": null, 
      "layer_id": null, 
      "layer_digest": null, 
      "layer_size": 0, 
      "command": null
    }, 
    {
      "docker_version": null, 
      "os": null, 
      "architecture": null, 
      "created": "2019-01-30T23:38:46.840323631Z", 
      "author": null, 
      "container": null, 
      "comment": null, 
      "config": {}, 
      "created_by": "/bin/sh -c apk add --no-cache --virtual .build-deps-yarn curl gnupg tar   && for key in     12   ; do     gpg --batch --keyserver hkp://p80.pool.sks-keyservers.net:80 --recv-keys \"$key\";done", 
      "empty_layer": false, 
      "parent": null, 
      "layer_id": null, 
      "layer_digest": "sha256:7b8a51711c7ee68fef2ae68936aacd344ad8e7b93a675e1c814531219809ee88", 
      "layer_size": 0, 
      "command": null
    }, 
    {
      "docker_version": null, 
      "os": null, 
      "architecture": null, 
      "created": "2019-01-30T23:38:47.011462819Z", 
      "author": null, 
      "container": null, 
      "comment": null, 
      "config": {}, 
      "created_by": "/bin/sh -c #(nop)  CMD [\"node\"]", 
      "empty_layer": true, 
      "parent": null, 
      "layer_id": null, 
      "layer_digest": null, 
      "layer_size": 0, 
      "command": null
    }, 
    {
      "docker_version": null, 
      "os": null, 
      "architecture": null, 
      "created": "2019-02-16T23:47:58.015683339Z", 
      "author": null, 
      "container": null, 
      "comment": null, 
      "config": {}, 
      "created_by": "/bin/sh -c #(nop)  LABEL com.nexb.image.name=API server com.nexb.image.vendor=nexB Inc. ........", 
      "empty_layer": true, 
      "parent": null, 
      "layer_id": null, 
      "layer_digest": null, 
      "layer_size": 0, 
      "command": null
    }, 
    {
      "docker_version": null, 
      "os": null, 
      "architecture": null, 
      "created": "2019-02-16T23:47:58.462112684Z", 
      "author": null, 
      "container": null, 
      "comment": null, 
      "config": {}, 
      "created_by": "/bin/sh -c #(nop) WORKDIR /server", 
      "empty_layer": false, 
      "parent": null, 
      "layer_id": null, 
      "layer_digest": "sha256:f7930865be56e674f44933e7b063db7e69eeb2dea749f19a97eb575e73c87a2d", 
      "layer_size": 0, 
      "command": null
    }, 
    {
      "docker_version": null, 
      "os": null, 
      "architecture": null, 
      "created": "2019-03-05T23:39:05.000214615Z", 
      "author": null, 
      "container": null, 
      "comment": null, 
      "config": {}, 
      "created_by": "/bin/sh -c #(nop) COPY multi:d6e2c1138ef1f15d7ae8eb4b689868e3c88c11f3e8b4c250c6ea459c4a4702ab in ./ ", 
      "empty_layer": false, 
      "parent": null, 
      "layer_id": null, 
      "layer_digest": "sha256:303c85672f3d44742b39f3b1c8eab908f4af3db83eb2bbeed1d9635f584df069", 
      "layer_size": 0, 
      "command": null
    }, 
    {
      "docker_version": null, 
      "os": null, 
      "architecture": null, 
      "created": "2019-03-05T23:39:17.617295768Z", 
      "author": null, 
      "container": null, 
      "comment": null, 
      "config": {}, 
      "created_by": "/bin/sh -c apk --no-cache add g++ gcc libgcc libstdc++ linux-headers make python", 
      "empty_layer": false, 
      "parent": null, 
      "layer_id": null, 
      "layer_digest": "sha256:832b16917d19529c2494827bd2011006453bbb3f4fbb4c9e31d207ccb2920907", 
      "layer_size": 0, 
      "command": null
    }, 
    {
      "docker_version": null, 
      "os": null, 
      "architecture": null, 
      "created": "2019-03-05T23:39:24.923503769Z", 
      "author": null, 
      "container": null, 
      "comment": null, 
      "config": {}, 
      "created_by": "/bin/sh -c npm install --quiet node-gyp -g", 
      "empty_layer": false, 
      "parent": null, 
      "layer_id": null, 
      "layer_digest": "sha256:e701752145dcb4502bf4a6cf19363e4a0e89103b0c0c624415fa86d32de3c9a1", 
      "layer_size": 0, 
      "command": null
    }, 
    {
      "docker_version": null, 
      "os": null, 
      "architecture": null, 
      "created": "2019-03-05T23:39:45.601829348Z", 
      "author": null, 
      "container": null, 
      "comment": null, 
      "config": {}, 
      "created_by": "/bin/sh -c npm install --only=production", 
      "empty_layer": false, 
      "parent": null, 
      "layer_id": null, 
      "layer_digest": "sha256:702822855ab99f782444ea74f0e188192fedb22b283969f83a498bb95bf46b54", 
      "layer_size": 0, 
      "command": null
    }, 
    {
      "docker_version": null, 
      "os": null, 
      "architecture": null, 
      "created": "2019-03-05T23:39:47.502388728Z", 
      "author": null, 
      "container": null, 
      "comment": null, 
      "config": {}, 
      "created_by": "/bin/sh -c #(nop) COPY dir:fe29f3eb8ae88762e4e54f53157916391b2fd3424d4b9653b886dfd842eb9d1 in ./ ", 
      "empty_layer": false, 
      "parent": null, 
      "layer_id": null, 
      "layer_digest": "sha256:a9af2ce18c13080e9a8c668d949b870f996c7978652a58088512ff79f36dae5f", 
      "layer_size": 0, 
      "command": null
    }, 
    {
      "docker_version": null, 
      "os": null, 
      "architecture": null, 
      "created": "2019-03-05T23:39:48.958401439Z", 
      "author": null, 
      "container": null, 
      "comment": null, 
      "config": {}, 
      "created_by": "/bin/sh -c #(nop)  CMD [\"node\" \"/server/server.js\"]", 
      "empty_layer": true, 
      "parent": null, 
      "layer_id": null, 
      "layer_digest": null, 
      "layer_size": 0, 
      "command": null
    }
  ], 
  "tags": []
}